<html>
<body>
<pre>
<h1>µVision Build Log</h1>
<h2>Tool Versions:</h2>
IDE-Version: ¦ÌVision V5.36.0.0
Copyright (C) 2021 ARM Ltd and ARM Germany GmbH. All rights reserved.
License Information: chen yu, rt, LIC=----
 
Tool Versions:
Toolchain:       MDK-Lite  Version: 5.36.0.0
Toolchain Path:  E:\MDK5.36\ARM\ARMCC\Bin
C Compiler:      Armcc.exe V5.06 update 7 (build 960)
Assembler:       Armasm.exe V5.06 update 7 (build 960)
Linker/Locator:  ArmLink.exe V5.06 update 7 (build 960)
Library Manager: ArmAr.exe V5.06 update 7 (build 960)
Hex Converter:   FromElf.exe V5.06 update 7 (build 960)
CPU DLL:         SARMCM3.DLL V5.36.0.0
Dialog DLL:      DCM.DLL V1.17.3.0
Target DLL:      STLink\ST-LINKIII-KEIL_SWO.dll V3.0.9.0
Dialog DLL:      TCM.DLL V1.53.0.0
 
<h2>Project:</h2>
E:\Self-Project\GraduationProject\TennisCar\TennisCar\MDK-ARM\TennisCar.uvprojx
Project File Date:  04/25/2023

<h2>Output:</h2>
*** Using Compiler 'V5.06 update 7 (build 960)', folder: 'E:\MDK5.36\ARM\ARMCC\Bin'
Build target 'TennisCar'
compiling main.c...
../Core/Src/main.c(294): warning:  #1294-D: Old-style function Car_Run
  void Car_Run(left_speed, right_speed){
../Core/Src/main.c(294): warning:  #1079-D: standard requires that parameter "left_speed"  be given a type by a subsequent declaration ("int" assumed)
  void Car_Run(left_speed, right_speed){
../Core/Src/main.c(294): warning:  #1079-D: standard requires that parameter "right_speed"  be given a type by a subsequent declaration ("int" assumed)
  void Car_Run(left_speed, right_speed){
../Core/Src/main.c: 3 warnings, 0 errors
linking...
Program Size: Code=8076 RO-data=292 RW-data=36 ZI-data=1908  
FromELF: creating hex file...
"TennisCar\TennisCar.axf" - 0 Error(s), 3 Warning(s).

<h2>Software Packages used:</h2>

Package Vendor: ARM
                http://www.keil.com/pack/ARM.CMSIS.5.8.0.pack
                ARM.CMSIS.5.8.0
                CMSIS (Common Microcontroller Software Interface Standard)
   * Component: CORE Version: 5.5.0

Package Vendor: Keil
                http://www.keil.com/pack/Keil.STM32F1xx_DFP.2.3.0.pack
                Keil.STM32F1xx_DFP.2.3.0
                STMicroelectronics STM32F1 Series Device Support, Drivers and Examples

<h2>Collection of Component include folders:</h2>
  .\RTE\_TennisCar
  E:\MDK5.36\Packs\ARM\CMSIS\5.8.0\CMSIS\Core\Include
  E:\MDK5.36\Packs\Keil\STM32F1xx_DFP\2.3.0\Device\Include

<h2>Collection of Component Files used:</h2>

   * Component: ARM::CMSIS:CORE:5.5.0
Build Time Elapsed:  00:00:01
</pre>
</body>
</html>
